2026-09-03T15:16:33.6851609+08:00 [INFO] [e0c9d8ab5b78] BEGIN Q1 FIA T2 2023 download/freeze v02. Root=C:\range_paper\02_raw\fia_t2_2023_raw_design_v01
2026-09-03T15:16:33.6949435+08:00 [INFO] [e0c9d8ab5b78] Scope guard: download/freeze only; no D09C, no TREE, no A/B, no TI/MA, no Q1 analysis.
2026-09-03T15:16:33.7069436+08:00 [WARN] [e0c9d8ab5b78] Quarantined orphan temporary candidate from an interrupted/failed prior run: C:\range_paper\02_raw\fia_t2_2023_raw_design_v01\raw_table_zips\CA_POP_EVAL_TYP.zip.part.3c46a170d1ec -> C:\range_paper\02_raw\fia_t2_2023_raw_design_v01\logs\failed_responses\ORPHANED_ABORTED_RUN__20260903T151633706__CA_POP_EVAL_TYP.zip.part.3c46a170d1ec
2026-09-03T15:16:33.7069436+08:00 [WARN] [e0c9d8ab5b78] Quarantined orphan temporary candidate from an interrupted/failed prior run: C:\range_paper\02_raw\fia_t2_2023_raw_design_v01\http_headers\raw_CA_POP_EVAL_TYP.zip.3c46a170d1ec.headers.txt.part -> C:\range_paper\02_raw\fia_t2_2023_raw_design_v01\logs\failed_responses\ORPHANED_ABORTED_RUN__20260903T151633706__raw_CA_POP_EVAL_TYP.zip.3c46a170d1ec.headers.txt.part
2026-09-03T15:16:33.7540493+08:00 [INFO] [e0c9d8ab5b78] Frozen source plan copied: C:\range_paper\02_raw\fia_t2_2023_raw_design_v01\manifests\source_plans\FROZEN_Q1_FIA_T2_2023_USER_DOWNLOAD_PLAN_v01.csv
2026-09-03T15:16:33.7644953+08:00 [INFO] [e0c9d8ab5b78] Frozen source plan copied: C:\range_paper\02_raw\fia_t2_2023_raw_design_v01\manifests\source_plans\FROZEN_Q1_FIA_PROVENANCE_SNAPSHOT_CHECKLIST_v01.csv
2026-09-03T15:16:33.7699212+08:00 [INFO] [e0c9d8ab5b78] RAW start CA POP_EVAL_GRP -> C:\range_paper\02_raw\fia_t2_2023_raw_design_v01\raw_table_zips\CA_POP_EVAL_GRP.zip
2026-09-03T15:16:33.7889418+08:00 [INFO] [e0c9d8ab5b78] GET attempt 1/4: https://apps.fs.usda.gov/fia/datamart/CSV/CA_POP_EVAL_GRP.zip
2026-09-03T15:16:38.6607291+08:00 [INFO] [e0c9d8ab5b78] RAW frozen CA_POP_EVAL_GRP.zip bytes=773 sha256=03b07475eed35be708307355fb1cbe397bcfaa0405a165a87b1da653d8ff3b5a
2026-09-03T15:16:38.6876109+08:00 [INFO] [e0c9d8ab5b78] RAW start CA POP_EVAL_TYP -> C:\range_paper\02_raw\fia_t2_2023_raw_design_v01\raw_table_zips\CA_POP_EVAL_TYP.zip
2026-09-03T15:16:38.6897766+08:00 [INFO] [e0c9d8ab5b78] GET attempt 1/4: https://apps.fs.usda.gov/fia/datamart/CSV/CA_POP_EVAL_TYP.zip
2026-09-03T15:16:40.0438778+08:00 [INFO] [e0c9d8ab5b78] RAW frozen CA_POP_EVAL_TYP.zip bytes=1150 sha256=7b105e99ed84779062bc8b00a3ac289fcbc32a4e3e27ac3854a35e010eedbda9
2026-09-03T15:16:40.0488787+08:00 [INFO] [e0c9d8ab5b78] RAW start CA POP_EVAL -> C:\range_paper\02_raw\fia_t2_2023_raw_design_v01\raw_table_zips\CA_POP_EVAL.zip
2026-09-03T15:16:40.0508733+08:00 [INFO] [e0c9d8ab5b78] GET attempt 1/4: https://apps.fs.usda.gov/fia/datamart/CSV/CA_POP_EVAL.zip
2026-09-03T15:16:44.4191793+08:00 [INFO] [e0c9d8ab5b78] RAW frozen CA_POP_EVAL.zip bytes=1397 sha256=e917a042d4338881171368e8788514610b41a0a15321e9c1c227338c5ce4daf9
2026-09-03T15:16:44.4271346+08:00 [INFO] [e0c9d8ab5b78] RAW start CA POP_ESTN_UNIT -> C:\range_paper\02_raw\fia_t2_2023_raw_design_v01\raw_table_zips\CA_POP_ESTN_UNIT.zip
2026-09-03T15:16:44.4271346+08:00 [INFO] [e0c9d8ab5b78] GET attempt 1/4: https://apps.fs.usda.gov/fia/datamart/CSV/CA_POP_ESTN_UNIT.zip
2026-09-03T15:16:45.7657085+08:00 [INFO] [e0c9d8ab5b78] RAW frozen CA_POP_ESTN_UNIT.zip bytes=1884 sha256=9b56b2f685adc83fce78a80f1fb98a8c2d3f45a13caf0b7320c86f080aa75fd5
2026-09-03T15:16:45.7697103+08:00 [INFO] [e0c9d8ab5b78] RAW start CA POP_STRATUM -> C:\range_paper\02_raw\fia_t2_2023_raw_design_v01\raw_table_zips\CA_POP_STRATUM.zip
2026-09-03T15:16:45.7717234+08:00 [INFO] [e0c9d8ab5b78] GET attempt 1/4: https://apps.fs.usda.gov/fia/datamart/CSV/CA_POP_STRATUM.zip
2026-09-03T15:17:01.8150483+08:00 [INFO] [e0c9d8ab5b78] RAW frozen CA_POP_STRATUM.zip bytes=332407 sha256=db7a42b9a5e72800b2ce3a0aa22dd9c918f750a53e5ba2d50422020ea3fefa1d
2026-09-03T15:17:01.8180835+08:00 [INFO] [e0c9d8ab5b78] RAW start CA POP_PLOT_STRATUM_ASSGN -> C:\range_paper\02_raw\fia_t2_2023_raw_design_v01\raw_table_zips\CA_POP_PLOT_STRATUM_ASSGN.zip
2026-09-03T15:17:01.8208833+08:00 [INFO] [e0c9d8ab5b78] GET attempt 1/4: https://apps.fs.usda.gov/fia/datamart/CSV/CA_POP_PLOT_STRATUM_ASSGN.zip
2026-09-03T15:19:41.3077927+08:00 [INFO] [e0c9d8ab5b78] RAW frozen CA_POP_PLOT_STRATUM_ASSGN.zip bytes=6520344 sha256=b402c4af76cd67d38b6cde9e22ca239dd84c917e4369c170e5871de8b1f71d8b
2026-09-03T15:19:41.3301038+08:00 [INFO] [e0c9d8ab5b78] RAW start CA PLOT -> C:\range_paper\02_raw\fia_t2_2023_raw_design_v01\raw_table_zips\CA_PLOT.zip
2026-09-03T15:19:41.3301038+08:00 [INFO] [e0c9d8ab5b78] GET attempt 1/4: https://apps.fs.usda.gov/fia/datamart/CSV/CA_PLOT.zip
2026-09-03T15:20:25.9104807+08:00 [INFO] [e0c9d8ab5b78] RAW frozen CA_PLOT.zip bytes=1581030 sha256=1d0516792da09c73175b2e8affe1a727d98586a11d3d13a646a9e385396beaad
2026-09-03T15:20:25.9153382+08:00 [INFO] [e0c9d8ab5b78] RAW start CA SURVEY -> C:\range_paper\02_raw\fia_t2_2023_raw_design_v01\raw_table_zips\CA_SURVEY.zip
2026-09-03T15:20:25.9173449+08:00 [INFO] [e0c9d8ab5b78] GET attempt 1/4: https://apps.fs.usda.gov/fia/datamart/CSV/CA_SURVEY.zip
2026-09-03T15:20:27.2773421+08:00 [INFO] [e0c9d8ab5b78] RAW frozen CA_SURVEY.zip bytes=1701 sha256=32f69a2e894013603c9a27a8e30462c09a420e7974d10bdd317c1e83bdbc7d1d
2026-09-03T15:20:27.2832392+08:00 [INFO] [e0c9d8ab5b78] RAW start OR POP_EVAL_GRP -> C:\range_paper\02_raw\fia_t2_2023_raw_design_v01\raw_table_zips\OR_POP_EVAL_GRP.zip
2026-09-03T15:20:27.2852473+08:00 [INFO] [e0c9d8ab5b78] GET attempt 1/4: https://apps.fs.usda.gov/fia/datamart/CSV/OR_POP_EVAL_GRP.zip
2026-09-03T15:20:28.6419665+08:00 [INFO] [e0c9d8ab5b78] RAW frozen OR_POP_EVAL_GRP.zip bytes=837 sha256=0b3e6f266d39017e2e4219a32421a75c7644ef0078941dd7c41188092a011784
2026-09-03T15:20:28.6471513+08:00 [INFO] [e0c9d8ab5b78] RAW start OR POP_EVAL_TYP -> C:\range_paper\02_raw\fia_t2_2023_raw_design_v01\raw_table_zips\OR_POP_EVAL_TYP.zip
2026-09-03T15:20:28.6481519+08:00 [INFO] [e0c9d8ab5b78] GET attempt 1/4: https://apps.fs.usda.gov/fia/datamart/CSV/OR_POP_EVAL_TYP.zip
2026-09-03T15:20:32.6332218+08:00 [INFO] [e0c9d8ab5b78] RAW frozen OR_POP_EVAL_TYP.zip bytes=1134 sha256=e5d157bb2ebf6590af76883682ea6d9f7762393f8cdac1f39bc95ce76bd2cc87
2026-09-03T15:20:32.6372169+08:00 [INFO] [e0c9d8ab5b78] RAW start OR POP_EVAL -> C:\range_paper\02_raw\fia_t2_2023_raw_design_v01\raw_table_zips\OR_POP_EVAL.zip
2026-09-03T15:20:32.6392159+08:00 [INFO] [e0c9d8ab5b78] GET attempt 1/4: https://apps.fs.usda.gov/fia/datamart/CSV/OR_POP_EVAL.zip
2026-09-03T15:20:34.5049563+08:00 [INFO] [e0c9d8ab5b78] RAW frozen OR_POP_EVAL.zip bytes=1458 sha256=d1d4d2ac1bcc263d89b7fac25c06a001111db9c8f3f31402f3a0339a214ddbbb
2026-09-03T15:20:34.5112446+08:00 [INFO] [e0c9d8ab5b78] RAW start OR POP_ESTN_UNIT -> C:\range_paper\02_raw\fia_t2_2023_raw_design_v01\raw_table_zips\OR_POP_ESTN_UNIT.zip
2026-09-03T15:20:34.5142437+08:00 [INFO] [e0c9d8ab5b78] GET attempt 1/4: https://apps.fs.usda.gov/fia/datamart/CSV/OR_POP_ESTN_UNIT.zip
2026-09-03T15:20:37.4002175+08:00 [INFO] [e0c9d8ab5b78] RAW frozen OR_POP_ESTN_UNIT.zip bytes=1832 sha256=629f9e111069d351c89b65b319e5fdc7c7bbd010df8d360311d0b94591aa3d59
2026-09-03T15:20:37.4037670+08:00 [INFO] [e0c9d8ab5b78] RAW start OR POP_STRATUM -> C:\range_paper\02_raw\fia_t2_2023_raw_design_v01\raw_table_zips\OR_POP_STRATUM.zip
2026-09-03T15:20:37.4107147+08:00 [INFO] [e0c9d8ab5b78] GET attempt 1/4: https://apps.fs.usda.gov/fia/datamart/CSV/OR_POP_STRATUM.zip
2026-09-03T15:20:40.2348161+08:00 [INFO] [e0c9d8ab5b78] RAW frozen OR_POP_STRATUM.zip bytes=235280 sha256=dfe587a2df21c693282474f1c60bba94bcf4a7cc911f18b168a4758c58fd5de1
2026-09-03T15:20:40.2387758+08:00 [INFO] [e0c9d8ab5b78] RAW start OR POP_PLOT_STRATUM_ASSGN -> C:\range_paper\02_raw\fia_t2_2023_raw_design_v01\raw_table_zips\OR_POP_PLOT_STRATUM_ASSGN.zip
2026-09-03T15:20:40.2387758+08:00 [INFO] [e0c9d8ab5b78] GET attempt 1/4: https://apps.fs.usda.gov/fia/datamart/CSV/OR_POP_PLOT_STRATUM_ASSGN.zip
2026-09-03T15:21:43.5042474+08:00 [INFO] [e0c9d8ab5b78] RAW frozen OR_POP_PLOT_STRATUM_ASSGN.zip bytes=6064878 sha256=d51b8e22273bc285c8a6ab5b9ea28e23aaffe9de1e95806d68e79392da747663
2026-09-03T15:21:43.5167889+08:00 [INFO] [e0c9d8ab5b78] RAW start OR PLOT -> C:\range_paper\02_raw\fia_t2_2023_raw_design_v01\raw_table_zips\OR_PLOT.zip
2026-09-03T15:21:43.5211619+08:00 [INFO] [e0c9d8ab5b78] GET attempt 1/4: https://apps.fs.usda.gov/fia/datamart/CSV/OR_PLOT.zip
2026-09-03T15:21:59.4281567+08:00 [INFO] [e0c9d8ab5b78] RAW frozen OR_PLOT.zip bytes=1462284 sha256=e92e8ee1fb6c0fd4934c375fed3b1df4685cc0c0c07f7f10180ba57d0937db15
2026-09-03T15:21:59.4371690+08:00 [INFO] [e0c9d8ab5b78] RAW start OR SURVEY -> C:\range_paper\02_raw\fia_t2_2023_raw_design_v01\raw_table_zips\OR_SURVEY.zip
2026-09-03T15:21:59.4385984+08:00 [INFO] [e0c9d8ab5b78] GET attempt 1/4: https://apps.fs.usda.gov/fia/datamart/CSV/OR_SURVEY.zip
2026-09-03T15:22:00.7416386+08:00 [INFO] [e0c9d8ab5b78] RAW frozen OR_SURVEY.zip bytes=1958 sha256=942c5183a2c0340e854dd9d85b5750cbad304fb58b66106aafd3c8948a31e43f
2026-09-03T15:22:00.7537958+08:00 [INFO] [e0c9d8ab5b78] RAW start WA POP_EVAL_GRP -> C:\range_paper\02_raw\fia_t2_2023_raw_design_v01\raw_table_zips\WA_POP_EVAL_GRP.zip
2026-09-03T15:22:00.7537958+08:00 [INFO] [e0c9d8ab5b78] GET attempt 1/4: https://apps.fs.usda.gov/fia/datamart/CSV/WA_POP_EVAL_GRP.zip
2026-09-03T15:22:03.0714066+08:00 [INFO] [e0c9d8ab5b78] RAW frozen WA_POP_EVAL_GRP.zip bytes=793 sha256=ba4cc6396be0b6d7c05a3561835bce51eb15425f0dbd081fd992e0aa070b179b
2026-09-03T15:22:03.0795131+08:00 [INFO] [e0c9d8ab5b78] RAW start WA POP_EVAL_TYP -> C:\range_paper\02_raw\fia_t2_2023_raw_design_v01\raw_table_zips\WA_POP_EVAL_TYP.zip
2026-09-03T15:22:03.0838612+08:00 [INFO] [e0c9d8ab5b78] GET attempt 1/4: https://apps.fs.usda.gov/fia/datamart/CSV/WA_POP_EVAL_TYP.zip
2026-09-03T15:22:04.4108020+08:00 [INFO] [e0c9d8ab5b78] RAW frozen WA_POP_EVAL_TYP.zip bytes=1003 sha256=dcc94db945c35bc2748e2ed6cb7cad2ab8c8e42d084f9d07028559b071fad0e2
2026-09-03T15:22:04.4174316+08:00 [INFO] [e0c9d8ab5b78] RAW start WA POP_EVAL -> C:\range_paper\02_raw\fia_t2_2023_raw_design_v01\raw_table_zips\WA_POP_EVAL.zip
2026-09-03T15:22:04.4174316+08:00 [INFO] [e0c9d8ab5b78] GET attempt 1/4: https://apps.fs.usda.gov/fia/datamart/CSV/WA_POP_EVAL.zip
2026-09-03T15:22:06.3167513+08:00 [INFO] [e0c9d8ab5b78] RAW frozen WA_POP_EVAL.zip bytes=1351 sha256=2b3e903a431f4a50f3f61404840c105b8fbe3199a2e7b5546c2ab58af227c651
2026-09-03T15:22:06.3167513+08:00 [INFO] [e0c9d8ab5b78] RAW start WA POP_ESTN_UNIT -> C:\range_paper\02_raw\fia_t2_2023_raw_design_v01\raw_table_zips\WA_POP_ESTN_UNIT.zip
2026-09-03T15:22:06.3167513+08:00 [INFO] [e0c9d8ab5b78] GET attempt 1/4: https://apps.fs.usda.gov/fia/datamart/CSV/WA_POP_ESTN_UNIT.zip
2026-09-03T15:22:08.3416596+08:00 [INFO] [e0c9d8ab5b78] RAW frozen WA_POP_ESTN_UNIT.zip bytes=1876 sha256=b5ea750a8458b600464c219771ef8c5ece9a726fd0ae18e7929ffece0e4b7265
2026-09-03T15:22:08.3468041+08:00 [INFO] [e0c9d8ab5b78] RAW start WA POP_STRATUM -> C:\range_paper\02_raw\fia_t2_2023_raw_design_v01\raw_table_zips\WA_POP_STRATUM.zip
2026-09-03T15:22:08.3568363+08:00 [INFO] [e0c9d8ab5b78] GET attempt 1/4: https://apps.fs.usda.gov/fia/datamart/CSV/WA_POP_STRATUM.zip
2026-09-03T15:22:10.7778639+08:00 [INFO] [e0c9d8ab5b78] RAW frozen WA_POP_STRATUM.zip bytes=185972 sha256=99eeb190bb67fc0d6c42f0766407209dcc393e1d9db1abea18dc1a8289071e08
2026-09-03T15:22:10.7845980+08:00 [INFO] [e0c9d8ab5b78] RAW start WA POP_PLOT_STRATUM_ASSGN -> C:\range_paper\02_raw\fia_t2_2023_raw_design_v01\raw_table_zips\WA_POP_PLOT_STRATUM_ASSGN.zip
2026-09-03T15:22:10.7860182+08:00 [INFO] [e0c9d8ab5b78] GET attempt 1/4: https://apps.fs.usda.gov/fia/datamart/CSV/WA_POP_PLOT_STRATUM_ASSGN.zip
2026-09-03T15:22:25.0352656+08:00 [INFO] [e0c9d8ab5b78] RAW frozen WA_POP_PLOT_STRATUM_ASSGN.zip bytes=3709175 sha256=cb984f57247b7ca97dc25569359909a83fe251636afad6ba3ceee82cf310dda0
2026-09-03T15:22:25.0352656+08:00 [INFO] [e0c9d8ab5b78] RAW start WA PLOT -> C:\range_paper\02_raw\fia_t2_2023_raw_design_v01\raw_table_zips\WA_PLOT.zip
2026-09-03T15:22:25.0535077+08:00 [INFO] [e0c9d8ab5b78] GET attempt 1/4: https://apps.fs.usda.gov/fia/datamart/CSV/WA_PLOT.zip
2026-09-03T15:22:29.8400533+08:00 [INFO] [e0c9d8ab5b78] RAW frozen WA_PLOT.zip bytes=848326 sha256=0b572645a39a1ebf18b23dbbba26e1eaf3e89cc389aa66f4206f1cb47dc46adb
2026-09-03T15:22:29.8456199+08:00 [INFO] [e0c9d8ab5b78] RAW start WA SURVEY -> C:\range_paper\02_raw\fia_t2_2023_raw_design_v01\raw_table_zips\WA_SURVEY.zip
2026-09-03T15:22:29.8489913+08:00 [INFO] [e0c9d8ab5b78] GET attempt 1/4: https://apps.fs.usda.gov/fia/datamart/CSV/WA_SURVEY.zip
2026-09-03T15:22:31.1521408+08:00 [INFO] [e0c9d8ab5b78] RAW frozen WA_SURVEY.zip bytes=1692 sha256=9731a19d4c7c0556938c05dfcfcb30964fabca6f7917801e2b28367b1993e28e
2026-09-03T15:22:31.1629829+08:00 [INFO] [e0c9d8ab5b78] PROVENANCE start FIADB-API documentation -> C:\range_paper\02_raw\fia_t2_2023_raw_design_v01\provenance_snapshots\FIADB_API_DOCUMENTATION_20260903.html
2026-09-03T15:22:31.1693150+08:00 [INFO] [e0c9d8ab5b78] GET attempt 1/4: https://apps.fs.usda.gov/fiadb-api
2026-09-03T15:22:32.8570526+08:00 [INFO] [e0c9d8ab5b78] PROVENANCE frozen FIADB_API_DOCUMENTATION_20260903.html bytes=27844 sha256=495e9bcb1704cd69e030bf119caecabeade02cd92ca9bc39d13515466f559507
2026-09-03T15:22:32.8623328+08:00 [INFO] [e0c9d8ab5b78] PROVENANCE start FIADB-API wc parameter table -> C:\range_paper\02_raw\fia_t2_2023_raw_design_v01\provenance_snapshots\FIADB_API_WC_20260903.html
2026-09-03T15:22:32.8633376+08:00 [INFO] [e0c9d8ab5b78] GET attempt 1/4: https://apps.fs.usda.gov/fiadb-api/fullreport/parameters/wc
2026-09-03T15:22:38.3785136+08:00 [INFO] [e0c9d8ab5b78] PROVENANCE frozen FIADB_API_WC_20260903.html bytes=343899 sha256=97a0ed9cceef123cbcb1db5c5142f6b2234b1818e2594291b0fb49815e59f2fc
2026-09-03T15:22:38.3859027+08:00 [INFO] [e0c9d8ab5b78] PROVENANCE start FIADB Update History -> C:\range_paper\02_raw\fia_t2_2023_raw_design_v01\provenance_snapshots\FIADB_UPDATE_HISTORY_CA_OR_WA_20260903.html
2026-09-03T15:22:38.3903432+08:00 [INFO] [e0c9d8ab5b78] GET attempt 1/4: https://apps.fs.usda.gov/fiadb-api/fiadb_update_history?statecd=06,41,53
2026-09-03T15:22:40.2938640+08:00 [INFO] [e0c9d8ab5b78] PROVENANCE frozen FIADB_UPDATE_HISTORY_CA_OR_WA_20260903.html bytes=21347 sha256=413236c3faaedf50c88f674c5046d9af56cf3e98a23182df663205962e21bb82
2026-09-03T15:22:40.3022807+08:00 [INFO] [e0c9d8ab5b78] PROVENANCE start PNW-FIADB CA/OR/WA database page -> C:\range_paper\02_raw\fia_t2_2023_raw_design_v01\provenance_snapshots\PNW_FIADB_CA_OR_WA_DATABASE_PAGE_20260903.html
2026-09-03T15:22:40.3046392+08:00 [INFO] [e0c9d8ab5b78] GET attempt 1/4: https://research.fs.usda.gov/pnw/products/dataandtools/pnw-fiadb-forest-inventory-and-analysis-databases
2026-09-03T15:22:43.1123740+08:00 [INFO] [e0c9d8ab5b78] PROVENANCE frozen PNW_FIADB_CA_OR_WA_DATABASE_PAGE_20260903.html bytes=112407 sha256=1ca5f73a455a02bff12c14220b67ef72794432bedbef51edc9b32031b55ebdeb
2026-09-03T15:22:43.1253598+08:00 [INFO] [e0c9d8ab5b78] PROVENANCE start FIA DataMart landing page -> C:\range_paper\02_raw\fia_t2_2023_raw_design_v01\provenance_snapshots\FIA_DATAMART_LANDING_20260903.html
2026-09-03T15:22:43.1283592+08:00 [INFO] [e0c9d8ab5b78] GET attempt 1/4: https://research.fs.usda.gov/products/dataandtools/fia-datamart
2026-09-03T15:22:46.7233963+08:00 [INFO] [e0c9d8ab5b78] PROVENANCE frozen FIA_DATAMART_LANDING_20260903.html bytes=69811 sha256=ccdfbfa171a263e8d2e8ed16c80156d8b97e93a23e42a094f7a1187dace6a400
2026-09-03T15:22:46.7317774+08:00 [INFO] [e0c9d8ab5b78] PROVENANCE start FIA DataMart legacy wrapper -> C:\range_paper\02_raw\fia_t2_2023_raw_design_v01\provenance_snapshots\FIA_DATAMART_WRAPPER_20260903.html
2026-09-03T15:22:46.7337845+08:00 [INFO] [e0c9d8ab5b78] GET attempt 1/4: https://apps.fs.usda.gov/fia/datamart/datamart.html
2026-09-03T15:22:48.0701379+08:00 [INFO] [e0c9d8ab5b78] PROVENANCE frozen FIA_DATAMART_WRAPPER_20260903.html bytes=752 sha256=69cbdacbdd4e5798867822c6c8fd869dc24189d1067143a1852bbd5d68451ee5
2026-09-03T15:22:48.0861885+08:00 [INFO] [e0c9d8ab5b78] PROVENANCE start FIA DataMart daily run log -> C:\range_paper\02_raw\fia_t2_2023_raw_design_v01\provenance_snapshots\FIA_DATAMART_LOG_20260903.txt
2026-09-03T15:22:48.0889213+08:00 [INFO] [e0c9d8ab5b78] GET attempt 1/4: https://apps.fs.usda.gov/fia/datamart/DataMart_log.txt
2026-09-03T15:22:51.0871488+08:00 [INFO] [e0c9d8ab5b78] PROVENANCE frozen FIA_DATAMART_LOG_20260903.txt bytes=413514 sha256=7ad587d3da780d172dfdb602f90937a94625f25727c6dabd5772a2c17e4d8aaf
2026-09-03T15:22:51.0959669+08:00 [INFO] [e0c9d8ab5b78] PROVENANCE start USDA Forest Service FIESTA DataMart access documentation -> C:\range_paper\02_raw\fia_t2_2023_raw_design_v01\provenance_snapshots\USFS_FIESTA_DATAMART_DB_TOOLS_20260903.html
2026-09-03T15:22:51.0959669+08:00 [INFO] [e0c9d8ab5b78] GET attempt 1/4: https://usdaforestservice.github.io/FIESTA/articles/FIESTA_tutorial_DB.html
2026-09-03T15:22:54.4354879+08:00 [INFO] [e0c9d8ab5b78] PROVENANCE frozen USFS_FIESTA_DATAMART_DB_TOOLS_20260903.html bytes=139852 sha256=df85982fe3b5b8469f785ab8eddd49bd4cc226b27cdb9e6a0c0096e6b10121da
2026-09-03T15:22:54.4543435+08:00 [INFO] [e0c9d8ab5b78] PROVENANCE start USFS Data Hub FIADB item -> C:\range_paper\02_raw\fia_t2_2023_raw_design_v01\provenance_snapshots\USFS_DATA_HUB_FIADB_ITEM_20260903.html
2026-09-03T15:22:54.4568575+08:00 [INFO] [e0c9d8ab5b78] GET attempt 1/4: https://data-usfs.hub.arcgis.com/documents/usfs::forest-inventory-and-analysis-database
2026-09-03T15:22:56.5535669+08:00 [INFO] [e0c9d8ab5b78] PROVENANCE frozen USFS_DATA_HUB_FIADB_ITEM_20260903.html bytes=60755 sha256=b940703e511245e50320a2271e53ce17e6e4b73cf5376cef0fa325912e4c8ef7
2026-09-03T15:22:56.7575568+08:00 [INFO] [e0c9d8ab5b78] END download/freeze. raw_good=24/24 provenance_good=9/9 failures=0
