2026-09-08T19:12:13.535665+00:00 B14 RUN START actual-outcome rows read=0
2026-09-08T19:12:13.704626+00:00 INPUT PASS substrate sha256=1dbd8cf3fdb9fdbd25945ed70af64e1c739ec78f10f24ec4866128c38d5d946e
2026-09-08T19:12:13.710146+00:00 INPUT PASS d10ca sha256=c8f73406f7f192b8f124add3cb0ded7ea65474e8d72d752e37dc557a08588865
2026-09-08T19:12:13.767709+00:00 INPUT PASS b12 sha256=d009bf50225ca3c2f483e08fe17f22312f93c9a28f36786abae8729fde3a21ab
2026-09-08T19:12:13.828129+00:00 INPUT PASS b13 sha256=c3898021cfe71ae0ea7b307be3907c8598dc1d1744f04e37d5ee0fc9d74807d9
2026-09-08T19:12:13.832172+00:00 INPUT PASS q1_projection sha256=70d34c6905a9d76675943ae03182feae719340d159ca6b69b68b9b9d089f227e
2026-09-08T19:12:13.835171+00:00 INPUT PASS singleton_audit sha256=e85da191519ac8ed033c46ac78257c1c7e515976fd87a0d99511093bd0d8e007
2026-09-08T19:12:14.277067+00:00 INPUT PASS cache sha256=0daf80d098546d61aecd8e75701f5174d9f6fd4452ce4a1b257651d45c9d2953
2026-09-08T19:12:18.492463+00:00 D10CA_XWALK rows=100000
2026-09-08T19:12:19.159346+00:00 D10CA_XWALK rows=200000
2026-09-08T19:12:19.805044+00:00 D10CA_XWALK rows=300000
2026-09-08T19:12:24.024874+00:00 PSEUDO_STRESS targets=250/4640 materialized_events=217244 universe=1642598
2026-09-08T19:12:24.863927+00:00 PSEUDO_STRESS targets=500/4640 materialized_events=253560 universe=3143576
2026-09-08T19:12:29.014241+00:00 PSEUDO_STRESS targets=750/4640 materialized_events=487524 universe=5873641
2026-09-08T19:12:29.302320+00:00 PSEUDO_STRESS targets=1000/4640 materialized_events=498873 universe=6714631
2026-09-08T19:12:31.491922+00:00 PSEUDO_STRESS targets=1250/4640 materialized_events=628291 universe=8133256
2026-09-08T19:12:31.613910+00:00 PSEUDO_STRESS targets=1500/4640 materialized_events=628349 universe=9007226
2026-09-08T19:12:32.545044+00:00 PSEUDO_STRESS targets=1750/4640 materialized_events=651914 universe=11252873
2026-09-08T19:12:32.717117+00:00 PSEUDO_STRESS targets=2000/4640 materialized_events=657530 universe=12157883
2026-09-08T19:12:34.339242+00:00 PSEUDO_STRESS targets=2250/4640 materialized_events=754365 universe=14074506
2026-09-08T19:12:35.621136+00:00 PSEUDO_STRESS targets=2500/4640 materialized_events=800976 universe=15381290
2026-09-08T19:12:40.733771+00:00 PSEUDO_STRESS targets=2750/4640 materialized_events=1097555 universe=19443941
2026-09-08T19:12:40.942099+00:00 PSEUDO_STRESS targets=3000/4640 materialized_events=1109382 universe=20323246
2026-09-08T19:12:41.889192+00:00 PSEUDO_STRESS targets=3250/4640 materialized_events=1153701 universe=21761271
2026-09-08T19:12:42.743912+00:00 PSEUDO_STRESS targets=3500/4640 materialized_events=1193575 universe=23078822
2026-09-08T19:12:43.960850+00:00 PSEUDO_STRESS targets=3750/4640 materialized_events=1250599 universe=23785661
2026-09-08T19:12:44.141157+00:00 PSEUDO_STRESS targets=4000/4640 materialized_events=1258780 universe=24226914
2026-09-08T19:12:44.860336+00:00 PSEUDO_STRESS targets=4250/4640 materialized_events=1281791 universe=25187505
2026-09-08T19:12:45.001726+00:00 PSEUDO_STRESS targets=4500/4640 materialized_events=1286009 universe=25742345
2026-09-08T19:12:47.840215+00:00 CALIBRATION SEALED sha256=99ee459e4640c29ac96549d6de8973783102aae6ae2d0b9724dd15be4818f27c; beginning first actual24 outcome read
2026-09-08T19:12:55.384360+00:00 B14 RUN COMPLETE; scientific outputs locked; package not yet created
